---
source: src/sources/format_converters.rs
expression: result
---
plan:
  end: 2
  start: 1
tests:
  - description: Connect
    directive: ~
    number: 1
    status: ok
    yaml_diagnostics: ~
  - description: Query
    directive: ~
    number: 2
    status: ok
    yaml_diagnostics: ~
version: 14
